owner@HON-170215-002 MINGW64 ~
$ git version
git version 2.30.0.windows.1

owner@HON-170215-002 MINGW64 ~
$ git config --grobal use.name "traveler20"
error: unknown option `grobal'
usage: git config [<options>]

Config file location
    --global              use global config file
    --system              use system config file
    --local               use repository config file
    --worktree            use per-worktree config file
    -f, --file <file>     use given config file
    --blob <blob-id>      read config from given blob object

Action
    --get                 get value: name [value-pattern]
    --get-all             get all values: key [value-pattern]
    --get-regexp          get values for regexp: name-regex [value-pattern]
    --get-urlmatch        get value specific for the URL: section[.var] URL
    --replace-all         replace all matching variables: name value [value-pattern]
    --add                 add a new variable: name value
    --unset               remove a variable: name [value-pattern]
    --unset-all           remove all matches: name [value-pattern]
    --rename-section      rename section: old-name new-name
    --remove-section      remove a section: name
    -l, --list            list all
    --fixed-value         use string equality when comparing values to 'value-pattern'
    -e, --edit            open an editor
    --get-color           find the color configured: slot [default]
    --get-colorbool       find the color setting: slot [stdout-is-tty]

Type
    -t, --type <>         value is given this type
    --bool                value is "true" or "false"
    --int                 value is decimal number
    --bool-or-int         value is --bool or --int
    --bool-or-str         value is --bool or string
    --path                value is a path (file or directory name)
    --expiry-date         value is an expiry date

Other
    -z, --null            terminate values with NUL byte
    --name-only           show variable names only
    --includes            respect include directives on lookup
    --show-origin         show origin of config (file, standard input, blob, command line)
    --show-scope          show scope of config (worktree, local, global, system, command)
    --default <value>     with --get, use default value when missing entry


owner@HON-170215-002 MINGW64 ~
$ git config --global user.name "traveler20"

owner@HON-170215-002 MINGW64 ~
$ git config --global user.email tabibito.traveler.sea.1039@gmail.com

owner@HON-170215-002 MINGW64 ~
$ cd ~/Desktop

owner@HON-170215-002 MINGW64 ~/Desktop
$ cd intro_git

owner@HON-170215-002 MINGW64 ~/Desktop/intro_git
$ ls
first.txt

owner@HON-170215-002 MINGW64 ~/Desktop/intro_git
$ git init
Initialized empty Git repository in C:/Users/owner/Desktop/intro_git/.git/

owner@HON-170215-002 MINGW64 ~/Desktop/intro_git (master)
$ ls -a
./  ../  .git/  first.txt

owner@HON-170215-002 MINGW64 ~/Desktop/intro_git (master)
$ ls -a .git
./  ../  HEAD  config  description  hooks/  info/  objects/  refs/

owner@HON-170215-002 MINGW64 ~/Desktop/intro_git (master)
$ git add first.txt

owner@HON-170215-002 MINGW64 ~/Desktop/intro_git (master)
$ git commit
[master (root-commit) aa44376] initial commit
 1 file changed, 3 insertions(+)
 create mode 100644 first.txt

owner@HON-170215-002 MINGW64 ~/Desktop/intro_git (master)
$ git remote add origin https://github.com/traveler20/intro_git.git

owner@HON-170215-002 MINGW64 ~/Desktop/intro_git (master)
$ git push -u origin master
Enumerating objects: 3, done.
Counting objects: 100% (3/3), done.
Writing objects: 100% (3/3), 231 bytes | 115.00 KiB/s, done.
Total 3 (delta 0), reused 0 (delta 0), pack-reused 0
To https://github.com/traveler20/intro_git.git
 * [new branch]      master -> master
Branch 'master' set up to track remote branch 'master' from 'origin'.

owner@HON-170215-002 MINGW64 ~/Desktop/intro_git (master)
$ git status
On branch master
Your branch is up to date with 'origin/master'.

nothing to commit, working tree clean

owner@HON-170215-002 MINGW64 ~/Desktop/intro_git (master)
$ git status
On branch master
Your branch is up to date with 'origin/master'.

Changes not staged for commit:
  (use "git add <file>..." to update what will be committed)
  (use "git restore <file>..." to discard changes in working directory)
        modified:   first.txt

no changes added to commit (use "git add" and/or "git commit -a")

owner@HON-170215-002 MINGW64 ~/Desktop/intro_git (master)
$ git add.
git: 'add.' is not a git command. See 'git --help'.

The most similar command is
        add

owner@HON-170215-002 MINGW64 ~/Desktop/intro_git (master)
$ git add .

owner@HON-170215-002 MINGW64 ~/Desktop/intro_git (master)
$ git status
On branch master
Your branch is up to date with 'origin/master'.

Changes to be committed:
  (use "git restore --staged <file>..." to unstage)
        modified:   first.txt


owner@HON-170215-002 MINGW64 ~/Desktop/intro_git (master)
$ git commit -v
[master f2ab667] unnecessary text throw away and correctly text add
 1 file changed, 1 insertion(+), 1 deletion(-)

owner@HON-170215-002 MINGW64 ~/Desktop/intro_git (master)
$ git log
commit f2ab6677fde138bbc39f25f28f652f2b2f610fe0 (HEAD -> master)
Author: traveler20 <tabibito.traveler.sea.1039@gmail.com>
Date:   Wed Feb 10 15:36:49 2021 +0900

    unnecessary text throw away and correctly text add

    git tutorial 3-1 studying

commit aa443764c4a1551739cb9330dafcdc10fcffb94b (origin/master)
Author: traveler20 <tabibito.traveler.sea.1039@gmail.com>
Date:   Wed Feb 10 15:27:26 2021 +0900

    initial commit

owner@HON-170215-002 MINGW64 ~/Desktop/intro_git (master)
$ git status
On branch master
Your branch is ahead of 'origin/master' by 1 commit.
  (use "git push" to publish your local commits)

Untracked files:
  (use "git add <file>..." to include in what will be committed)
        second.txt

nothing added to commit but untracked files present (use "git add" to track)

owner@HON-170215-002 MINGW64 ~/Desktop/intro_git (master)
$ git add second.txt

owner@HON-170215-002 MINGW64 ~/Desktop/intro_git (master)
$ git commit -v
[master a04c6d5] second.txt add
 1 file changed, 3 insertions(+)
 create mode 100644 second.txt

owner@HON-170215-002 MINGW64 ~/Desktop/intro_git (master)
$ ls
first.txt  second.txt

owner@HON-170215-002 MINGW64 ~/Desktop/intro_git (master)
$ rm second.txt

owner@HON-170215-002 MINGW64 ~/Desktop/intro_git (master)
$ ls
first.txt

owner@HON-170215-002 MINGW64 ~/Desktop/intro_git (master)
$ git rm second.txt
rm 'second.txt'

owner@HON-170215-002 MINGW64 ~/Desktop/intro_git (master)
$ git commit -v
[master f20d3e3] remove second.txt
 1 file changed, 3 deletions(-)
 delete mode 100644 second.txt

owner@HON-170215-002 MINGW64 ~/Desktop/intro_git (master)
$ git add .

owner@HON-170215-002 MINGW64 ~/Desktop/intro_git (master)
$ git commit -v
[master 23e16be] multiple file commit
 2 files changed, 6 insertions(+)
 create mode 100644 second.txt

owner@HON-170215-002 MINGW64 ~/Desktop/intro_git (master)
$ git status
On branch master
Your branch is ahead of 'origin/master' by 4 commits.
  (use "git push" to publish your local commits)

nothing to commit, working tree clean

owner@HON-170215-002 MINGW64 ~/Desktop/intro_git (master)
$ git status
On branch master
Your branch is ahead of 'origin/master' by 4 commits.
  (use "git push" to publish your local commits)

Changes not staged for commit:
  (use "git add <file>..." to update what will be committed)
  (use "git restore <file>..." to discard changes in working directory)
        modified:   first.txt

no changes added to commit (use "git add" and/or "git commit -a")

owner@HON-170215-002 MINGW64 ~/Desktop/intro_git (master)
$ git add first.txt

owner@HON-170215-002 MINGW64 ~/Desktop/intro_git (master)
$ git status
On branch master
Your branch is ahead of 'origin/master' by 4 commits.
  (use "git push" to publish your local commits)

Changes to be committed:
  (use "git restore --staged <file>..." to unstage)
        modified:   first.txt


owner@HON-170215-002 MINGW64 ~/Desktop/intro_git (master)
$ git commit -v
[master f8df04d] study git-status
 1 file changed, 2 insertions(+)

owner@HON-170215-002 MINGW64 ~/Desktop/intro_git (master)
$ git status
On branch master
Your branch is ahead of 'origin/master' by 5 commits.
  (use "git push" to publish your local commits)

nothing to commit, working tree clean

owner@HON-170215-002 MINGW64 ~/Desktop/intro_git (master)
$ git log
commit f8df04d776d901edacb77d51df2864719bb51468 (HEAD -> master)
Author: traveler20 <tabibito.traveler.sea.1039@gmail.com>
Date:   Wed Feb 10 15:55:19 2021 +0900

    study git-status

commit 23e16be7b2a7bdf56f2b3efc38363297e1fe3b71
Author: traveler20 <tabibito.traveler.sea.1039@gmail.com>
Date:   Wed Feb 10 15:48:28 2021 +0900

    multiple file commit

commit f20d3e3c161e12084a98803e1f39da2571701e55
Author: traveler20 <tabibito.traveler.sea.1039@gmail.com>
Date:   Wed Feb 10 15:45:39 2021 +0900

    remove second.txt

commit a04c6d5e990cdb4d025d8035a30cb84524346f29
Author: traveler20 <tabibito.traveler.sea.1039@gmail.com>
Date:   Wed Feb 10 15:44:11 2021 +0900

    second.txt add

commit f2ab6677fde138bbc39f25f28f652f2b2f610fe0
Author: traveler20 <tabibito.traveler.sea.1039@gmail.com>
Date:   Wed Feb 10 15:36:49 2021 +0900

    unnecessary text throw away and correctly text add

    git tutorial 3-1 studying

commit aa443764c4a1551739cb9330dafcdc10fcffb94b (origin/master)
Author: traveler20 <tabibito.traveler.sea.1039@gmail.com>
Date:   Wed Feb 10 15:27:26 2021 +0900

    initial commit

owner@HON-170215-002 MINGW64 ~/Desktop/intro_git (master)
$ git log --oneline
f8df04d (HEAD -> master) study git-status
23e16be multiple file commit
f20d3e3 remove second.txt
a04c6d5 second.txt add
f2ab667 unnecessary text throw away and correctly text add
aa44376 (origin/master) initial commit

owner@HON-170215-002 MINGW64 ~/Desktop/intro_git (master)
$ git log -n 3
commit f8df04d776d901edacb77d51df2864719bb51468 (HEAD -> master)
Author: traveler20 <tabibito.traveler.sea.1039@gmail.com>
Date:   Wed Feb 10 15:55:19 2021 +0900

    study git-status

commit 23e16be7b2a7bdf56f2b3efc38363297e1fe3b71
Author: traveler20 <tabibito.traveler.sea.1039@gmail.com>
Date:   Wed Feb 10 15:48:28 2021 +0900

    multiple file commit

commit f20d3e3c161e12084a98803e1f39da2571701e55
Author: traveler20 <tabibito.traveler.sea.1039@gmail.com>
Date:   Wed Feb 10 15:45:39 2021 +0900

    remove second.txt

owner@HON-170215-002 MINGW64 ~/Desktop/intro_git (master)
$ git log --oneline -n 3
f8df04d (HEAD -> master) study git-status
23e16be multiple file commit
f20d3e3 remove second.txt

owner@HON-170215-002 MINGW64 ~/Desktop/intro_git (master)
$ git log -p
commit f8df04d776d901edacb77d51df2864719bb51468 (HEAD -> master)
Author: traveler20 <tabibito.traveler.sea.1039@gmail.com>
Date:   Wed Feb 10 15:55:19 2021 +0900

    study git-status

diff --git a/first.txt b/first.txt
index b17ea54..3358dcc 100644
--- a/first.txt
+++ b/first.txt
@@ -3,3 +3,5 @@ git first
 ・Gitの追加や変更の練習中。

 git tutorial 15
+
+git tutorial 16
\ No newline at end of file

commit 23e16be7b2a7bdf56f2b3efc38363297e1fe3b71
Author: traveler20 <tabibito.traveler.sea.1039@gmail.com>
Date:   Wed Feb 10 15:48:28 2021 +0900

    multiple file commit

diff --git a/first.txt b/first.txt
index e766d94..b17ea54 100644
--- a/first.txt
+++ b/first.txt
@@ -1,3 +1,5 @@
--- a/first.txt
+++ b/first.txt
@@ -3,3 +3,5 @@ git first
 ・Gitの追加や変更の練習中。

 git tutorial 15
+
+git tutorial 16
\ No newline at end of file

commit 23e16be7b2a7bdf56f2b3efc38363297e1fe3b71
Author: traveler20 <tabibito.traveler.sea.1039@gmail.com>
Date:   Wed Feb 10 15:48:28 2021 +0900

    multiple file commit

diff --git a/first.txt b/first.txt
index e766d94..b17ea54 100644
--- a/first.txt
+++ b/first.txt
@@ -1,3 +1,5 @@
 git first

 ・Gitの追加や変更の練習中。
+
+git tutorial 15
diff --git a/second.txt b/second.txt
new file mode 100644
index 0000000..d5e1819
--- /dev/null
+++ b/second.txt
@@ -0,0 +1,4 @@
+
+second.txt add
+
+
+second.txt add
+
commit f8df04d776d901edacb77d51df2864719bb51468 (HEAD -> master)
Author: traveler20 <tabibito.traveler.sea.1039@gmail.com>
Date:   Wed Feb 10 15:55:19 2021 +0900

commit f8df04d776d901edacb77d51df2864719bb51468 (HEAD -> master)
Author: traveler20 <tabibito.traveler.sea.1039@gmail.com>
Date:   Wed Feb 10 15:55:19 2021 +0900

    study git-status

diff --git a/first.txt b/first.txt
index b17ea54..3358dcc 100644
--- a/first.txt
+++ b/first.txt
@@ -3,3 +3,5 @@ git first
 ・Gitの追加や変更の練習中。

 git tutorial 15
+
+git tutorial 16
\ No newline at end of file

commit 23e16be7b2a7bdf56f2b3efc38363297e1fe3b71
Author: traveler20 <tabibito.traveler.sea.1039@gmail.com>
Date:   Wed Feb 10 15:48:28 2021 +0900

    multiple file commit

diff --git a/first.txt b/first.txt
index e766d94..b17ea54 100644
--- a/first.txt
+++ b/first.txt
@@ -1,3 +1,5 @@
 git first

 ・Gitの追加や変更の練習中。
+
+git tutorial 15
diff --git a/second.txt b/second.txt
new file mode 100644
index 0000000..d5e1819
--- /dev/null
+++ b/second.txt
@@ -0,0 +1,4 @@
+
+second.txt add
+
commit f8df04d776d901edacb77d51df2864719bb51468 (HEAD -> master)
Author: traveler20 <tabibito.traveler.sea.1039@gmail.com>
Date:   Wed Feb 10 15:55:19 2021 +0900

    study git-status

diff --git a/first.txt b/first.txt
index b17ea54..3358dcc 100644
--- a/first.txt
+++ b/first.txt
@@ -3,3 +3,5 @@ git first
 ・Gitの追加や変更の練習中。

 git tutorial 15
+
+git tutorial 16
\ No newline at end of file

commit 23e16be7b2a7bdf56f2b3efc38363297e1fe3b71
Author: traveler20 <tabibito.traveler.sea.1039@gmail.com>
Date:   Wed Feb 10 15:48:28 2021 +0900

    multiple file commit

diff --git a/first.txt b/first.txt
index e766d94..b17ea54 100644
--- a/first.txt
+++ b/first.txt
@@ -1,3 +1,5 @@
 git first

 ・Gitの追加や変更の練習中。
+
+git tutorial 15
diff --git a/second.txt b/second.txt
new file mode 100644
index 0000000..d5e1819
--- /dev/null
+++ b/second.txt
@@ -0,0 +1,4 @@
+
+second.txt add
+
commit f8df04d776d901edacb77d51df2864719bb51468 (HEAD -> master)
Author: traveler20 <tabibito.traveler.sea.1039@gmail.com>
Date:   Wed Feb 10 15:55:19 2021 +0900

    study git-status

diff --git a/first.txt b/first.txt
index b17ea54..3358dcc 100644
--- a/first.txt
+++ b/first.txt
@@ -3,3 +3,5 @@ git first
 ・Gitの追加や変更の練習中。

 git tutorial 15
+
+git tutorial 16
\ No newline at end of file

commit 23e16be7b2a7bdf56f2b3efc38363297e1fe3b71
Author: traveler20 <tabibito.traveler.sea.1039@gmail.com>
Date:   Wed Feb 10 15:48:28 2021 +0900

    multiple file commit

diff --git a/first.txt b/first.txt
index e766d94..b17ea54 100644
--- a/first.txt
+++ b/first.txt
@@ -1,3 +1,5 @@
 git first

 ・Gitの追加や変更の練習中。
+
+git tutorial 15
diff --git a/second.txt b/second.txt
new file mode 100644
index 0000000..d5e1819
--- /dev/null
+++ b/second.txt
@@ -0,0 +1,4 @@
+
+second.txt add
+
commit f8df04d776d901edacb77d51df2864719bb51468 (HEAD -> master)
Author: traveler20 <tabibito.traveler.sea.1039@gmail.com>
Date:   Wed Feb 10 15:55:19 2021 +0900

    study git-status

diff --git a/first.txt b/first.txt
index b17ea54..3358dcc 100644
--- a/first.txt
+++ b/first.txt
@@ -3,3 +3,5 @@ git first
 ・Gitの追加や変更の練習中。

 git tutorial 15
+
+git tutorial 16
\ No newline at end of file

commit 23e16be7b2a7bdf56f2b3efc38363297e1fe3b71
Author: traveler20 <tabibito.traveler.sea.1039@gmail.com>
Date:   Wed Feb 10 15:48:28 2021 +0900

    multiple file commit

diff --git a/first.txt b/first.txt
commit f8df04d776d901edacb77d51df2864719bb51468 (HEAD -> master)
Author: traveler20 <tabibito.traveler.sea.1039@gmail.com>
Date:   Wed Feb 10 15:55:19 2021 +0900

    study git-status

diff --git a/first.txt b/first.txt
index b17ea54..3358dcc 100644
--- a/first.txt
+++ b/first.txt
@@ -3,3 +3,5 @@ git first
 ・Gitの追加や変更の練習中。

 git tutorial 15
+
+git tutorial 16
\ No newline at end of file

commit 23e16be7b2a7bdf56f2b3efc38363297e1fe3b71
Author: traveler20 <tabibito.traveler.sea.1039@gmail.com>
Date:   Wed Feb 10 15:48:28 2021 +0900

    multiple file commit

diff --git a/first.txt b/first.txt
index e766d94..b17ea54 100644
--- a/first.txt
+++ b/first.txt
@@ -1,3 +1,5 @@
 git first

 ・Gitの追加や変更の練習中。
+
+git tutorial 15
diff --git a/second.txt b/second.txt
new file mode 100644
index 0000000..d5e1819
--- /dev/null
+++ b/second.txt
@@ -0,0 +1,4 @@
+
+second.txt add
+
commit f8df04d776d901edacb77d51df2864719bb51468 (HEAD -> master)
Author: traveler20 <tabibito.traveler.sea.1039@gmail.com>
commit f8df04d776d901edacb77d51df2864719bb51468 (HEAD -> master)
commit f8df04d776d901edacb77d51df2864719bb51468 (HEAD -> master)
Author: traveler20 <tabibito.traveler.sea.1039@gmail.com>
Date:   Wed Feb 10 15:55:19 2021 +0900

    study git-status

diff --git a/first.txt b/first.txt
index b17ea54..3358dcc 100644
--- a/first.txt
+++ b/first.txt
@@ -3,3 +3,5 @@ git first
 ・Gitの追加や変更の練習中。

 git tutorial 15
+
+git tutorial 16
\ No newline at end of file

commit 23e16be7b2a7bdf56f2b3efc38363297e1fe3b71
Author: traveler20 <tabibito.traveler.sea.1039@gmail.com>
Date:   Wed Feb 10 15:48:28 2021 +0900

    multiple file commit

diff --git a/first.txt b/first.txt
index e766d94..b17ea54 100644
--- a/first.txt
+++ b/first.txt
@@ -1,3 +1,5 @@
 git first

 ・Gitの追加や変更の練習中。
+
+git tutorial 15
diff --git a/second.txt b/second.txt
new file mode 100644
index 0000000..d5e1819
--- /dev/null
+++ b/second.txt
@@ -0,0 +1,4 @@
+
+second.txt add
+
+
+
+
+
+
commit f8df04d776d901edacb77d51df2864719bb51468 (HEAD -> master)
commit f8df04d776d901edacb77d51df2864719bb51468 (HEAD -> master)
Author: traveler20 <tabibito.traveler.sea.1039@gmail.com>
Date:   Wed Feb 10 15:55:19 2021 +0900

    study git-status

diff --git a/first.txt b/first.txt
index b17ea54..3358dcc 100644
--- a/first.txt
+++ b/first.txt
@@ -3,3 +3,5 @@ git first
 ・Gitの追加や変更の練習中。

 git tutorial 15
+
+git tutorial 16
\ No newline at end of file

commit 23e16be7b2a7bdf56f2b3efc38363297e1fe3b71
Author: traveler20 <tabibito.traveler.sea.1039@gmail.com>
Date:   Wed Feb 10 15:48:28 2021 +0900

    multiple file commit

diff --git a/first.txt b/first.txt
index e766d94..b17ea54 100644
--- a/first.txt
+++ b/first.txt
@@ -1,3 +1,5 @@
 git first

 ・Gitの追加や変更の練習中。
+
+git tutorial 15
diff --git a/second.txt b/second.txt
new file mode 100644
index 0000000..d5e1819
--- /dev/null
+++ b/second.txt
@@ -0,0 +1,4 @@
+
+second.txt add
+
+15
\ No newline at end of file

commit f20d3e3c161e12084a98803e1f39da2571701e55
Author: traveler20 <tabibito.traveler.sea.1039@gmail.com>
Date:   Wed Feb 10 15:45:39 2021 +0900

    remove second.txt

diff --git a/second.txt b/second.txt
deleted file mode 100644
index 5fd88e8..0000000
--- a/second.txt
+++ /dev/null
@@ -1,3 +0,0 @@
-add file
-
-git tutorial 3-15
\ No newline at end of file

commit a04c6d5e990cdb4d025d8035a30cb84524346f29
Author: traveler20 <tabibito.traveler.sea.1039@gmail.com>
Date:   Wed Feb 10 15:44:11 2021 +0900

    second.txt add

diff --git a/second.txt b/second.txt
new file mode 100644
commit f8df04d776d901edacb77d51df2864719bb51468 (HEAD -> master)
Author: traveler20 <tabibito.traveler.sea.1039@gmail.com>
Date:   Wed Feb 10 15:55:19 2021 +0900

    study git-status

diff --git a/first.txt b/first.txt
index b17ea54..3358dcc 100644
--- a/first.txt
+++ b/first.txt
@@ -3,3 +3,5 @@ git first
 ・Gitの追加や変更の練習中。

 git tutorial 15
+
+git tutorial 16
\ No newline at end of file

commit 23e16be7b2a7bdf56f2b3efc38363297e1fe3b71
Author: traveler20 <tabibito.traveler.sea.1039@gmail.com>
Date:   Wed Feb 10 15:48:28 2021 +0900

    multiple file commit

diff --git a/first.txt b/first.txt
index e766d94..b17ea54 100644
--- a/first.txt
+++ b/first.txt
@@ -1,3 +1,5 @@
 git first

 ・Gitの追加や変更の練習中。
+
+git tutorial 15
diff --git a/second.txt b/second.txt
new file mode 100644
index 0000000..d5e1819
--- /dev/null
+++ b/second.txt
@@ -0,0 +1,4 @@
+
+second.txt add
+
+15
\ No newline at end of file

commit f20d3e3c161e12084a98803e1f39da2571701e55
Author: traveler20 <tabibito.traveler.sea.1039@gmail.com>
Date:   Wed Feb 10 15:45:39 2021 +0900

    remove second.txt

diff --git a/second.txt b/second.txt
deleted file mode 100644
index 5fd88e8..0000000
--- a/second.txt
+++ /dev/null
@@ -1,3 +0,0 @@
-add file
-
-git tutorial 3-15
\ No newline at end of file

commit a04c6d5e990cdb4d025d8035a30cb84524346f29
Author: traveler20 <tabibito.traveler.sea.1039@gmail.com>
Date:   Wed Feb 10 15:44:11 2021 +0900

    second.txt add

diff --git a/second.txt b/second.txt
commit f8df04d776d901edacb77d51df2864719bb51468 (HEAD -> master)
commit f8df04d776d901edacb77d51df2864719bb51468 (HEAD -> master)
Author: traveler20 <tabibito.traveler.sea.1039@gmail.com>
Date:   Wed Feb 10 15:55:19 2021 +0900

    study git-status

diff --git a/first.txt b/first.txt
index b17ea54..3358dcc 100644
--- a/first.txt
+++ b/first.txt
@@ -3,3 +3,5 @@ git first
 ・Gitの追加や変更の練習中。

 git tutorial 15
+
+git tutorial 16
\ No newline at end of file

commit 23e16be7b2a7bdf56f2b3efc38363297e1fe3b71
Author: traveler20 <tabibito.traveler.sea.1039@gmail.com>
Date:   Wed Feb 10 15:48:28 2021 +0900

    multiple file commit

diff --git a/first.txt b/first.txt
index e766d94..b17ea54 100644
--- a/first.txt
+++ b/first.txt
@@ -1,3 +1,5 @@
 git first

 ・Gitの追加や変更の練習中。
+
+git tutorial 15
diff --git a/second.txt b/second.txt
new file mode 100644
index 0000000..d5e1819
--- /dev/null
+++ b/second.txt
@@ -0,0 +1,4 @@
+
+second.txt add
+
+15
\ No newline at end of file

commit f20d3e3c161e12084a98803e1f39da2571701e55
Author: traveler20 <tabibito.traveler.sea.1039@gmail.com>
Date:   Wed Feb 10 15:45:39 2021 +0900

    remove second.txt

diff --git a/second.txt b/second.txt
deleted file mode 100644
index 5fd88e8..0000000
--- a/second.txt
+++ /dev/null
@@ -1,3 +0,0 @@
-add file
-
-git tutorial 3-15
\ No newline at end of file

commit a04c6d5e990cdb4d025d8035a30cb84524346f29
Author: traveler20 <tabibito.traveler.sea.1039@gmail.com>
Date:   Wed Feb 10 15:44:11 2021 +0900

    second.txt add

diff --git a/second.txt b/second.txt
new file mode 100644
index 0000000..5fd88e8

owner@HON-170215-002 MINGW64 ~/Desktop/intro_git (master)
$

owner@HON-170215-002 MINGW64 ~/Desktop/intro_git (master)
$ git log -p first.txt
commit f8df04d776d901edacb77d51df2864719bb51468 (HEAD -> master)
Author: traveler20 <tabibito.traveler.sea.1039@gmail.com>
Date:   Wed Feb 10 15:55:19 2021 +0900

    study git-status

diff --git a/first.txt b/first.txt
index b17ea54..3358dcc 100644
--- a/first.txt
+++ b/first.txt
@@ -3,3 +3,5 @@ git first
 ・Gitの追加や変更の練習中。

 git tutorial 15
+
+git tutorial 16
\ No newline at end of file

commit 23e16be7b2a7bdf56f2b3efc38363297e1fe3b71
Author: traveler20 <tabibito.traveler.sea.1039@gmail.com>
Date:   Wed Feb 10 15:48:28 2021 +0900

    multiple file commit

diff --git a/first.txt b/first.txt
index e766d94..b17ea54 100644
--- a/first.txt
+++ b/first.txt
@@ -1,3 +1,5 @@
 git first

 ・Gitの追加や変更の練習中。
+
+git tutorial 15

commit f2ab6677fde138bbc39f25f28f652f2b2f610fe0
Author: traveler20 <tabibito.traveler.sea.1039@gmail.com>
Date:   Wed Feb 10 15:36:49 2021 +0900

    unnecessary text throw away and correctly text add

    git tutorial 3-1 studying

diff --git a/first.txt b/first.txt
index d1846c8..e766d94 100644
--- a/first.txt
+++ b/first.txt
@@ -1,3 +1,3 @@
 git first

-aaaaaaaaaaaaaaaaaaaaaaaaa
+・Gitの追加や変更の練習中。

commit aa443764c4a1551739cb9330dafcdc10fcffb94b (origin/master)
Author: traveler20 <tabibito.traveler.sea.1039@gmail.com>
Date:   Wed Feb 10 15:27:26 2021 +0900

    initial commit

diff --git a/first.txt b/first.txt
new file mode 100644
index 0000000..d1846c8
--- /dev/null
+++ b/first.txt
@@ -0,0 +1,3 @@
+git first
+
+aaaaaaaaaaaaaaaaaaaaaaaaa

owner@HON-170215-002 MINGW64 ~/Desktop/intro_git (master)
$ git diff

owner@HON-170215-002 MINGW64 ~/Desktop/intro_git (master)
$ git diff
diff --git a/first.txt b/first.txt
index 3358dcc..2016b6c 100644
--- a/first.txt
+++ b/first.txt
@@ -4,4 +4,6 @@ git first

 git tutorial 15

-git tutorial 16
\ No newline at end of file
+git tutorial 16
+
+git tutorial 18
\ No newline at end of file

owner@HON-170215-002 MINGW64 ~/Desktop/intro_git (master)
$ git add .

owner@HON-170215-002 MINGW64 ~/Desktop/intro_git (master)
$ git diff

owner@HON-170215-002 MINGW64 ~/Desktop/intro_git (master)
$ git diff HEAD
diff --git a/first.txt b/first.txt
index 3358dcc..2016b6c 100644
--- a/first.txt
+++ b/first.txt
@@ -4,4 +4,6 @@ git first

 git tutorial 15

-git tutorial 16
\ No newline at end of file
+git tutorial 16
+
+git tutorial 18
\ No newline at end of file

owner@HON-170215-002 MINGW64 ~/Desktop/intro_git (master)
$ git commit
[master 0c182bf] add git diff
 1 file changed, 3 insertions(+), 1 deletion(-)

owner@HON-170215-002 MINGW64 ~/Desktop/intro_git (master)
$ git diff

owner@HON-170215-002 MINGW64 ~/Desktop/intro_git (master)
$ git diff HEAD

owner@HON-170215-002 MINGW64 ~/Desktop/intro_git (master)
$ git remote add origin https://github.com/traveler20/intro_git
error: remote origin already exists.

owner@HON-170215-002 MINGW64 ~/Desktop/intro_git (master)
$ git push origin master
Enumerating objects: 19, done.
Counting objects: 100% (19/19), done.
Delta compression using up to 8 threads
Compressing objects: 100% (14/14), done.
Writing objects: 100% (17/17), 1.51 KiB | 257.00 KiB/s, done.
Total 17 (delta 4), reused 0 (delta 0), pack-reused 0
remote: Resolving deltas: 100% (4/4), done.
To https://github.com/traveler20/intro_git.git
   aa44376..0c182bf  master -> master

owner@HON-170215-002 MINGW64 ~/Desktop/intro_git (master)
$ ls
first.txt  second.txt

owner@HON-170215-002 MINGW64 ~/Desktop/intro_git (master)
$ git rm second.txt
rm 'second.txt'

owner@HON-170215-002 MINGW64 ~/Desktop/intro_git (master)
$ ls
first.txt

owner@HON-170215-002 MINGW64 ~/Desktop/intro_git (master)
$ git status
On branch master
Your branch is up to date with 'origin/master'.

Changes to be committed:
  (use "git restore --staged <file>..." to unstage)
        deleted:    second.txt


owner@HON-170215-002 MINGW64 ~/Desktop/intro_git (master)
$ git reset HEAD second.txt
Unstaged changes after reset:
D       second.txt

owner@HON-170215-002 MINGW64 ~/Desktop/intro_git (master)
$ git status
On branch master
Your branch is up to date with 'origin/master'.

Changes not staged for commit:
  (use "git add/rm <file>..." to update what will be committed)
  (use "git restore <file>..." to discard changes in working directory)
        deleted:    second.txt

no changes added to commit (use "git add" and/or "git commit -a")

owner@HON-170215-002 MINGW64 ~/Desktop/intro_git (master)
$ ls
first.txt

owner@HON-170215-002 MINGW64 ~/Desktop/intro_git (master)
$ git checkout second.txt
Updated 1 path from the index

owner@HON-170215-002 MINGW64 ~/Desktop/intro_git (master)
$ ls
first.txt  second.txt

owner@HON-170215-002 MINGW64 ~/Desktop/intro_git (master)
$ git status
On branch master
Your branch is up to date with 'origin/master'.

nothing to commit, working tree clean

owner@HON-170215-002 MINGW64 ~/Desktop/intro_git (master)
$ git rm --cached second.txt
rm 'second.txt'

owner@HON-170215-002 MINGW64 ~/Desktop/intro_git (master)
$ ls
first.txt  second.txt

owner@HON-170215-002 MINGW64 ~/Desktop/intro_git (master)
$ git status
On branch master
Your branch is up to date with 'origin/master'.

Changes to be committed:
  (use "git restore --staged <file>..." to unstage)
        deleted:    second.txt

Untracked files:
  (use "git add <file>..." to include in what will be committed)
        second.txt


owner@HON-170215-002 MINGW64 ~/Desktop/intro_git (master)
$ git reset HEAD second.txt

owner@HON-170215-002 MINGW64 ~/Desktop/intro_git (master)
$ ls
first.txt  second.txt

owner@HON-170215-002 MINGW64 ~/Desktop/intro_git (master)
$ git status
On branch master
Your branch is up to date with 'origin/master'.

nothing to commit, working tree clean

owner@HON-170215-002 MINGW64 ~/Desktop/intro_git (master)
$
